##############
## By Nerun ##
##############
overrideid 2229
overridemap 1
overridemintime 11
overridemaxtime 23
##
## Felucca Reagents
##
*|BlackPearl:Bloodmoss:SpidersSilk:SulfurousAsh:Garlic:Ginseng:Nightshade:MandrakeRoot||||||2854|816|0|1|11|23|200|200|1|160|0|0|0|0|0
*|BlackPearl:Bloodmoss:SpidersSilk:SulfurousAsh:Garlic:Ginseng:Nightshade:MandrakeRoot||||||4590|1448|0|1|11|23|200|200|1|160|0|0|0|0|0
*|BlackPearl:Bloodmoss:SpidersSilk:SulfurousAsh:Garlic:Ginseng:Nightshade:MandrakeRoot||||||2490|1096|0|1|11|23|200|200|1|160|0|0|0|0|0
*|BlackPearl:Bloodmoss:SpidersSilk:SulfurousAsh:Garlic:Ginseng:Nightshade:MandrakeRoot||||||1566|1140|0|1|11|23|200|200|1|160|0|0|0|0|0
*|BlackPearl:Bloodmoss:SpidersSilk:SulfurousAsh:Garlic:Ginseng:Nightshade:MandrakeRoot||||||1514|1584|0|1|11|23|200|200|1|160|0|0|0|0|0
*|BlackPearl:Bloodmoss:SpidersSilk:SulfurousAsh:Garlic:Ginseng:Nightshade:MandrakeRoot||||||1938|1408|0|1|11|23|200|200|1|160|0|0|0|0|0
*|BlackPearl:Bloodmoss:SpidersSilk:SulfurousAsh:Garlic:Ginseng:Nightshade:MandrakeRoot||||||2374|652|0|1|11|23|200|200|1|160|0|0|0|0|0
*|BlackPearl:Bloodmoss:SpidersSilk:SulfurousAsh:Garlic:Ginseng:Nightshade:MandrakeRoot||||||2054|516|0|1|11|23|200|200|1|160|0|0|0|0|0
*|BlackPearl:Bloodmoss:SpidersSilk:SulfurousAsh:Garlic:Ginseng:Nightshade:MandrakeRoot||||||1286|504|0|1|11|23|200|200|1|160|0|0|0|0|0
*|BlackPearl:Bloodmoss:SpidersSilk:SulfurousAsh:Garlic:Ginseng:Nightshade:MandrakeRoot||||||746|636|0|1|11|23|200|200|1|160|0|0|0|0|0
*|BlackPearl:Bloodmoss:SpidersSilk:SulfurousAsh:Garlic:Ginseng:Nightshade:MandrakeRoot||||||1134|964|0|1|11|23|200|200|1|160|0|0|0|0|0
*|BlackPearl:Bloodmoss:SpidersSilk:SulfurousAsh:Garlic:Ginseng:Nightshade:MandrakeRoot||||||718|1180|0|1|11|23|200|200|1|160|0|0|0|0|0
*|BlackPearl:Bloodmoss:SpidersSilk:SulfurousAsh:Garlic:Ginseng:Nightshade:MandrakeRoot||||||342|1464|0|1|11|23|200|200|1|160|0|0|0|0|0
*|BlackPearl:Bloodmoss:SpidersSilk:SulfurousAsh:Garlic:Ginseng:Nightshade:MandrakeRoot||||||702|1752|0|1|11|23|200|200|1|160|0|0|0|0|0
*|BlackPearl:Bloodmoss:SpidersSilk:SulfurousAsh:Garlic:Ginseng:Nightshade:MandrakeRoot||||||1114|1416|0|1|11|23|200|200|1|160|0|0|0|0|0
*|BlackPearl:Bloodmoss:SpidersSilk:SulfurousAsh:Garlic:Ginseng:Nightshade:MandrakeRoot||||||1150|1876|0|1|11|23|200|200|1|160|0|0|0|0|0
*|BlackPearl:Bloodmoss:SpidersSilk:SulfurousAsh:Garlic:Ginseng:Nightshade:MandrakeRoot||||||1582|2028|0|1|11|23|200|200|1|160|0|0|0|0|0
*|BlackPearl:Bloodmoss:SpidersSilk:SulfurousAsh:Garlic:Ginseng:Nightshade:MandrakeRoot||||||1934|2328|0|1|11|23|200|200|1|160|0|0|0|0|0
*|BlackPearl:Bloodmoss:SpidersSilk:SulfurousAsh:Garlic:Ginseng:Nightshade:MandrakeRoot||||||1490|2472|0|1|11|23|200|200|1|160|0|0|0|0|0
*|BlackPearl:Bloodmoss:SpidersSilk:SulfurousAsh:Garlic:Ginseng:Nightshade:MandrakeRoot||||||1070|2320|0|1|11|23|200|200|1|160|0|0|0|0|0
*|BlackPearl:Bloodmoss:SpidersSilk:SulfurousAsh:Garlic:Ginseng:Nightshade:MandrakeRoot||||||1466|3032|0|1|11|23|200|200|1|160|0|0|0|0|0
*|BlackPearl:Bloodmoss:SpidersSilk:SulfurousAsh:Garlic:Ginseng:Nightshade:MandrakeRoot||||||2062|964|0|1|11|23|200|200|1|160|0|0|0|0|0
*|BlackPearl:Bloodmoss:SpidersSilk:SulfurousAsh:Garlic:Ginseng:Nightshade:MandrakeRoot||||||1846|3260|0|1|11|23|200|200|1|160|0|0|0|0|0
*|BlackPearl:Bloodmoss:SpidersSilk:SulfurousAsh:Garlic:Ginseng:Nightshade:MandrakeRoot||||||1078|2772|0|1|11|23|200|200|1|160|0|0|0|0|0
*|BlackPearl:Bloodmoss:SpidersSilk:SulfurousAsh:Garlic:Ginseng:Nightshade:MandrakeRoot||||||4710|3796|0|1|11|23|200|200|1|160|0|0|0|0|0
*|BlackPearl:Bloodmoss:SpidersSilk:SulfurousAsh:Garlic:Ginseng:Nightshade:MandrakeRoot||||||5926|3888|0|1|11|23|200|200|1|160|0|0|0|0|0
*|BlackPearl:Bloodmoss:SpidersSilk:SulfurousAsh:Garlic:Ginseng:Nightshade:MandrakeRoot||||||5474|3904|0|1|11|23|200|200|1|160|0|0|0|0|0
*|BlackPearl:Bloodmoss:SpidersSilk:SulfurousAsh:Garlic:Ginseng:Nightshade:MandrakeRoot||||||5934|3436|0|1|11|23|200|200|1|160|0|0|0|0|0
*|BlackPearl:Bloodmoss:SpidersSilk:SulfurousAsh:Garlic:Ginseng:Nightshade:MandrakeRoot||||||5462|3452|0|1|11|23|200|200|1|160|0|0|0|0|0
*|BlackPearl:Bloodmoss:SpidersSilk:SulfurousAsh:Garlic:Ginseng:Nightshade:MandrakeRoot||||||5674|3120|0|1|11|23|200|200|1|160|0|0|0|0|0
*|BlackPearl:Bloodmoss:SpidersSilk:SulfurousAsh:Garlic:Ginseng:Nightshade:MandrakeRoot||||||5618|2744|0|1|11|23|200|200|1|160|0|0|0|0|0
*|BlackPearl:Bloodmoss:SpidersSilk:SulfurousAsh:Garlic:Ginseng:Nightshade:MandrakeRoot||||||5326|2492|0|1|11|23|200|200|1|160|0|0|0|0|0
*|BlackPearl:Bloodmoss:SpidersSilk:SulfurousAsh:Garlic:Ginseng:Nightshade:MandrakeRoot||||||5966|2456|0|1|11|23|200|200|1|160|0|0|0|0|0
*|BlackPearl:Bloodmoss:SpidersSilk:SulfurousAsh:Garlic:Ginseng:Nightshade:MandrakeRoot||||||5234|3068|0|1|11|23|200|200|1|160|0|0|0|0|0
*|BlackPearl:Bloodmoss:SpidersSilk:SulfurousAsh:Garlic:Ginseng:Nightshade:MandrakeRoot||||||6042|2916|0|1|11|23|200|200|1|160|0|0|0|0|0
*|BlackPearl:Bloodmoss:SpidersSilk:SulfurousAsh:Garlic:Ginseng:Nightshade:MandrakeRoot||||||3602|2948|0|1|11|23|200|200|1|160|0|0|0|0|0
*|BlackPearl:Bloodmoss:SpidersSilk:SulfurousAsh:Garlic:Ginseng:Nightshade:MandrakeRoot||||||3538|2536|0|1|11|23|200|200|1|160|0|0|0|0|0
*|BlackPearl:Bloodmoss:SpidersSilk:SulfurousAsh:Garlic:Ginseng:Nightshade:MandrakeRoot||||||2734|2168|0|1|11|23|200|200|1|160|0|0|0|0|0
*|BlackPearl:Bloodmoss:SpidersSilk:SulfurousAsh:Garlic:Ginseng:Nightshade:MandrakeRoot||||||3714|2152|0|1|11|23|200|200|1|160|0|0|0|0|0
*|BlackPearl:Bloodmoss:SpidersSilk:SulfurousAsh:Garlic:Ginseng:Nightshade:MandrakeRoot||||||3674|1216|0|1|11|23|200|200|1|160|0|0|0|0|0
*|BlackPearl:Bloodmoss:SpidersSilk:SulfurousAsh:Garlic:Ginseng:Nightshade:MandrakeRoot||||||3994|328|0|1|11|23|200|200|1|160|0|0|0|0|0
*|BlackPearl:Bloodmoss:SpidersSilk:SulfurousAsh:Garlic:Ginseng:Nightshade:MandrakeRoot||||||4166|584|0|1|11|23|200|200|1|160|0|0|0|0|0
*|BlackPearl:Bloodmoss:SpidersSilk:SulfurousAsh:Garlic:Ginseng:Nightshade:MandrakeRoot||||||3198|504|0|1|11|23|200|200|1|160|0|0|0|0|0
*|BlackPearl:Bloodmoss:SpidersSilk:SulfurousAsh:Garlic:Ginseng:Nightshade:MandrakeRoot||||||2750|368|0|1|11|23|200|200|1|160|0|0|0|0|0
*|BlackPearl:Bloodmoss:SpidersSilk:SulfurousAsh:Garlic:Ginseng:Nightshade:MandrakeRoot||||||1694|688|0|1|11|23|200|200|1|160|0|0|0|0|0
*|BlackPearl:Bloodmoss:SpidersSilk:SulfurousAsh:Garlic:Ginseng:Nightshade:MandrakeRoot||||||366|900|0|1|11|23|200|200|1|160|0|0|0|0|0
*|BlackPearl:Bloodmoss:SpidersSilk:SulfurousAsh:Garlic:Ginseng:Nightshade:MandrakeRoot||||||642|2216|0|1|11|23|200|200|1|160|0|0|0|0|0
*|BlackPearl:Bloodmoss:SpidersSilk:SulfurousAsh:Garlic:Ginseng:Nightshade:MandrakeRoot||||||2226|3532|0|1|11|23|200|200|1|160|0|0|0|0|0
*|BlackPearl:Bloodmoss:SpidersSilk:SulfurousAsh:Garlic:Ginseng:Nightshade:MandrakeRoot||||||1850|2796|0|1|11|23|200|200|1|160|0|0|0|0|0
*|BlackPearl:Bloodmoss:SpidersSilk:SulfurousAsh:Garlic:Ginseng:Nightshade:MandrakeRoot||||||1658|236|0|1|11|23|200|200|1|160|0|0|0|0|0
*|BlackPearl:Bloodmoss:SpidersSilk:SulfurousAsh:Garlic:Ginseng:Nightshade:MandrakeRoot||||||4426|1028|0|1|11|23|200|200|1|160|0|0|0|0|0
*|BlackPearl:Bloodmoss:SpidersSilk:SulfurousAsh:Garlic:Ginseng:Nightshade:MandrakeRoot||||||2522|84|0|1|11|23|200|200|1|160|0|0|0|0|0
*|BlackPearl:Bloodmoss:SpidersSilk:SulfurousAsh:Garlic:Ginseng:Nightshade:MandrakeRoot||||||3130|116|0|1|11|23|200|200|1|160|0|0|0|0|0
*|BlackPearl:Bloodmoss:SpidersSilk:SulfurousAsh:Garlic:Ginseng:Nightshade:MandrakeRoot||||||2082|60|0|1|11|23|200|200|1|160|0|0|0|0|0
*|BlackPearl:Bloodmoss:SpidersSilk:SulfurousAsh:Garlic:Ginseng:Nightshade:MandrakeRoot||||||2930|3476|0|1|11|23|200|200|1|160|0|0|0|0|0
*|BlackPearl:Bloodmoss:SpidersSilk:SulfurousAsh:Garlic:Ginseng:Nightshade:MandrakeRoot||||||1410|3796|0|1|11|23|200|200|1|160|0|0|0|0|0
*|BlackPearl:Bloodmoss:SpidersSilk:SulfurousAsh:Garlic:Ginseng:Nightshade:MandrakeRoot||||||1122|3524|0|1|11|23|200|200|1|160|0|0|0|0|0
*|BlackPearl:Bloodmoss:SpidersSilk:SulfurousAsh:Garlic:Ginseng:Nightshade:MandrakeRoot||||||2474|3956|0|1|11|23|200|200|1|160|0|0|0|0|0
*|BlackPearl:Bloodmoss:SpidersSilk:SulfurousAsh:Garlic:Ginseng:Nightshade:MandrakeRoot||||||4570|3340|0|1|11|23|200|200|1|160|0|0|0|0|0
*|BlackPearl:Bloodmoss:SpidersSilk:SulfurousAsh:Garlic:Ginseng:Nightshade:MandrakeRoot||||||4282|3700|0|1|11|23|200|200|1|160|0|0|0|0|0